Performing C SOURCE FILE Test CMAKE_HAVE_LIBC_PTHREAD failed with the following output:
Change Dir: /home/robotlab/ws_3d_vp/src/QSP-SLAM-my/CMakeFiles/CMakeTmp

Run Build Command(s):/usr/bin/make -f Makefile cmTC_8a5b5/fast && /usr/bin/make  -f CMakeFiles/cmTC_8a5b5.dir/build.make CMakeFiles/cmTC_8a5b5.dir/build
make[1]: Entering directory '/home/robotlab/ws_3d_vp/src/QSP-SLAM-my/CMakeFiles/CMakeTmp'
Building C object CMakeFiles/cmTC_8a5b5.dir/src.c.o
/usr/bin/cc -DCMAKE_HAVE_LIBC_PTHREAD   -o CMakeFiles/cmTC_8a5b5.dir/src.c.o -c /home/robotlab/ws_3d_vp/src/QSP-SLAM-my/CMakeFiles/CMakeTmp/src.c
Linking C executable cmTC_8a5b5
/usr/local/bin/cmake -E cmake_link_script CMakeFiles/cmTC_8a5b5.dir/link.txt --verbose=1
/usr/bin/cc -rdynamic CMakeFiles/cmTC_8a5b5.dir/src.c.o -o cmTC_8a5b5 
/usr/bin/ld: CMakeFiles/cmTC_8a5b5.dir/src.c.o: in function `main':
src.c:(.text+0x46): undefined reference to `pthread_create'
/usr/bin/ld: src.c:(.text+0x52): undefined reference to `pthread_detach'
/usr/bin/ld: src.c:(.text+0x5e): undefined reference to `pthread_cancel'
/usr/bin/ld: src.c:(.text+0x6f): undefined reference to `pthread_join'
collect2: error: ld returned 1 exit status
make[1]: *** [CMakeFiles/cmTC_8a5b5.dir/build.make:99: cmTC_8a5b5] Error 1
make[1]: Leaving directory '/home/robotlab/ws_3d_vp/src/QSP-SLAM-my/CMakeFiles/CMakeTmp'
make: *** [Makefile:127: cmTC_8a5b5/fast] Error 2


Source file was:
#include <pthread.h>

static void* test_func(void* data)
{
  return data;
}

int main(void)
{
  pthread_t thread;
  pthread_create(&thread, NULL, test_func, NULL);
  pthread_detach(thread);
  pthread_cancel(thread);
  pthread_join(thread, NULL);
  pthread_atfork(NULL, NULL, NULL);
  pthread_exit(NULL);

  return 0;
}

Determining if the function pthread_create exists in the pthreads failed with the following output:
Change Dir: /home/robotlab/ws_3d_vp/src/QSP-SLAM-my/CMakeFiles/CMakeTmp

Run Build Command(s):/usr/bin/make -f Makefile cmTC_52d5a/fast && /usr/bin/make  -f CMakeFiles/cmTC_52d5a.dir/build.make CMakeFiles/cmTC_52d5a.dir/build
make[1]: Entering directory '/home/robotlab/ws_3d_vp/src/QSP-SLAM-my/CMakeFiles/CMakeTmp'
Building C object CMakeFiles/cmTC_52d5a.dir/CheckFunctionExists.c.o
/usr/bin/cc   -DCHECK_FUNCTION_EXISTS=pthread_create -o CMakeFiles/cmTC_52d5a.dir/CheckFunctionExists.c.o -c /usr/local/share/cmake-3.23/Modules/CheckFunctionExists.c
Linking C executable cmTC_52d5a
/usr/local/bin/cmake -E cmake_link_script CMakeFiles/cmTC_52d5a.dir/link.txt --verbose=1
/usr/bin/cc  -DCHECK_FUNCTION_EXISTS=pthread_create -rdynamic CMakeFiles/cmTC_52d5a.dir/CheckFunctionExists.c.o -o cmTC_52d5a  -lpthreads 
/usr/bin/ld: cannot find -lpthreads
collect2: error: ld returned 1 exit status
make[1]: *** [CMakeFiles/cmTC_52d5a.dir/build.make:99: cmTC_52d5a] Error 1
make[1]: Leaving directory '/home/robotlab/ws_3d_vp/src/QSP-SLAM-my/CMakeFiles/CMakeTmp'
make: *** [Makefile:127: cmTC_52d5a/fast] Error 2



Performing C++ SOURCE FILE Test COMPILER_HAS_WMISSING_OVERRIDE failed with the following output:
Change Dir: /home/robotlab/ws_3d_vp/src/QSP-SLAM-my/CMakeFiles/CMakeTmp

Run Build Command(s):/usr/bin/make -f Makefile cmTC_d16bf/fast && /usr/bin/make  -f CMakeFiles/cmTC_d16bf.dir/build.make CMakeFiles/cmTC_d16bf.dir/build
make[1]: Entering directory '/home/robotlab/ws_3d_vp/src/QSP-SLAM-my/CMakeFiles/CMakeTmp'
Building CXX object CMakeFiles/cmTC_d16bf.dir/src.cxx.o
/usr/bin/c++ -DCOMPILER_HAS_WMISSING_OVERRIDE  -Wmissing -o CMakeFiles/cmTC_d16bf.dir/src.cxx.o -c /home/robotlab/ws_3d_vp/src/QSP-SLAM-my/CMakeFiles/CMakeTmp/src.cxx
c++: error: unrecognized command line option '-Wmissing'; did you mean '-Waliasing'?
make[1]: *** [CMakeFiles/cmTC_d16bf.dir/build.make:78: CMakeFiles/cmTC_d16bf.dir/src.cxx.o] Error 1
make[1]: Leaving directory '/home/robotlab/ws_3d_vp/src/QSP-SLAM-my/CMakeFiles/CMakeTmp'
make: *** [Makefile:127: cmTC_d16bf/fast] Error 2


Source file was:
int main() { return 0; }
